2026-08-28 19:21:56,184 INFO Starting variant full with options {'dset_name': 'hl', 'dset_domain': None, 'eval_split_name': 'val', 'debug': False, 'data_ratio': 1.0, 'results_root': 'results', 'exp_id': 'full', 'seed': 2017, 'device': device(type='cuda'), 'gpu_id': 0, 'num_workers': 4, 'no_pin_memory': False, 'lr': 0.0001, 'lr_drop': 100, 'wd': 0.0001, 'n_epoch': 200, 'max_es_cnt': 200, 'bsz': 32, 'eval_bsz': 100, 'grad_clip': 0.1, 'eval_untrained': False, 'resume': None, 'resume_all': False, 'start_epoch': None, 'max_q_l': 32, 'max_v_l': 75, 'clip_length': 2, 'max_windows': 10, 'train_path': '/home/guoxiangyu/VLMbasedIter_momentretrival/Sim-DETR/data/highlight_train_release.jsonl', 'eval_path': '/home/guoxiangyu/VLMbasedIter_momentretrival/Sim-DETR/data/highlight_val_release.jsonl', 'no_norm_vfeat': False, 'no_norm_tfeat': False, 'v_feat_dirs': ['/home/guoxiangyu/VLMbasedIter_momentretrival/Sim-DETR/data/slowfast_features', '/home/guoxiangyu/VLMbasedIter_momentretrival/Sim-DETR/data/clip_b32_vid_k4'], 't_feat_dir': '/home/guoxiangyu/VLMbasedIter_momentretrival/Sim-DETR/data/clip_b32_txt_k4', 'a_feat_dir': None, 'v_feat_dim': 5378, 't_feat_dim': 2048, 'a_feat_dim': None, 'ctx_mode': 'video_tef', 'position_embedding': 'sine', 'enc_layers': 2, 'dec_layers': 4, 'dim_feedforward': 1024, 'hidden_dim': 256, 'input_dropout': 0.5, 'dropout': 0.1, 'txt_drop_ratio': 0, 'use_txt_pos': False, 'nheads': 8, 'num_queries': 10, 'pre_norm': False, 'n_input_proj': 2, 'contrastive_hdim': 64, 'temperature': 0.07, 'lw_saliency': 1.0, 'saliency_margin': 0.2, 'aux_loss': True, 'span_loss_type': 'l1', 'contrastive_align_loss': False, 'set_cost_span': 10, 'set_cost_giou': 1, 'set_cost_class': 4, 'set_cost_mask': 6, 'span_loss_coef': 10, 'giou_loss_coef': 1, 'label_loss_coef': 4, 'eos_coef': 0.1, 'contrastive_align_loss_coef': 0.0, 'mask_loss_coef': 6, 'iou_scores_loss_coef': 2, 'no_sort_results': False, 'max_before_nms': 10, 'max_after_nms': 10, 'conf_thd': 0.0, 'nms_thd': -1, 'VTC_loss_coef': 0.3, 'CTC_loss_coef': 0.5, 'use_query_cgp': True, 'query_cgp_num_basis': 16, 'query_cgp_prompt_length': 6, 'query_cgp_router_hidden_dim': 256, 'query_cgp_frf_hidden_dim': 512, 'query_cgp_temperature': 1.0, 'query_cgp_beta': 0.05, 'query_cgp_after_layer': 0, 'query_cgp_binding_loss_coef': 0.2, 'query_cgp_route_loss_coef': 0.01, 'init_from': None, 'variant': 'full', 'output_dir': '/home/guoxiangyu/VLMbasedIter_momentretrival/Sim-DETR/causal_occurrence_lab/outputs/causal_training/full_repro_seed2017', 'causal_dec_layers': 4, 'clean_iou': 0.1, 'causal_init_from': None, 'causal_inject_override': None, 'causal_binding_target_override': None, 'causal_inject': True, 'causal_binding_target': 'matched', 'pin_memory': True, 'use_tef': True, 'use_video': True, 'results_dir': '/home/guoxiangyu/VLMbasedIter_momentretrival/Sim-DETR/causal_occurrence_lab/outputs/causal_training/full_repro_seed2017', 'ckpt_filepath': '/home/guoxiangyu/VLMbasedIter_momentretrival/Sim-DETR/causal_occurrence_lab/outputs/causal_training/full_repro_seed2017/model.ckpt', 'train_log_filepath': '/home/guoxiangyu/VLMbasedIter_momentretrival/Sim-DETR/causal_occurrence_lab/outputs/causal_training/full_repro_seed2017/train.log.txt', 'eval_log_filepath': '/home/guoxiangyu/VLMbasedIter_momentretrival/Sim-DETR/causal_occurrence_lab/outputs/causal_training/full_repro_seed2017/eval.log.txt', 'tensorboard_log_dir': '/home/guoxiangyu/VLMbasedIter_momentretrival/Sim-DETR/causal_occurrence_lab/outputs/causal_training/full_repro_seed2017/tensorboard_log'}
2026-08-28 19:21:57,881 INFO [Epoch 1]
2026-08-28 19:23:43,643 INFO Epoch[1] class_error 99.5472  class_error_0 99.4677  class_error_1 99.8283  class_error_2 99.7931  loss_giou 0.7860  loss_giou_0 0.7015  loss_giou_1 0.7264  loss_giou_2 0.7529  loss_iou_scores 0.0857  loss_iou_scores_0 0.0883  loss_iou_scores_1 0.0865  loss_iou_scores_2 0.0856  loss_label 0.2096  loss_label_0 0.2135  loss_label_1 0.2096  loss_label_2 0.2089  loss_mask_iou 0.0000  loss_mask_iou_0 4.9590  loss_mask_iou_1 4.9586  loss_mask_iou_2 4.9582  loss_overall 28.8495  loss_query_cgp_bind 0.4465  loss_query_cgp_route -0.0000  loss_saliency 4.1014  loss_span 1.0742  loss_span_0 0.9628  loss_span_1 0.9475  loss_span_2 1.0015
2026-08-28 19:23:43,645 INFO Generate submissions
2026-08-28 19:23:48,330 INFO Saving/Evaluating before nms results
2026-08-28 19:23:51,949 INFO metrics_no_nms OrderedDict([   ('MR-full-R1@0.5', 6.52),
                ('MR-full-R1@0.7', 2.06),
                ('MR-full-mAP', 5.21),
                ('MR-full-mAP@0.5', 13.36),
                ('MR-full-mAP@0.75', 4.0),
                ('MR-long-mAP', 9.34),
                ('MR-middle-mAP', 4.35),
                ('MR-short-mAP', 0.41),
                ('HL-min-Fair-mAP', 47.22),
                ('HL-min-Fair-Hit1', 36.9),
                ('HL-min-Good-mAP', 39.89),
                ('HL-min-Good-Hit1', 35.42),
                ('HL-min-VeryGood-mAP', 24.38),
                ('HL-min-VeryGood-Hit1', 29.48)])
2026-08-28 19:23:52,204 INFO [Best] epoch 1, MR-full-mAP 5.2100
2026-08-28 19:23:52,406 INFO [Epoch 2]
2026-08-28 19:24:38,497 INFO Epoch[2] class_error 99.8895  class_error_0 99.9259  class_error_1 99.9513  class_error_2 99.8746  loss_giou 0.7094  loss_giou_0 0.6924  loss_giou_1 0.6947  loss_giou_2 0.6997  loss_iou_scores 0.0891  loss_iou_scores_0 0.0871  loss_iou_scores_1 0.0886  loss_iou_scores_2 0.0891  loss_label 0.2050  loss_label_0 0.2068  loss_label_1 0.2060  loss_label_2 0.2056  loss_mask_iou 0.0000  loss_mask_iou_0 4.7867  loss_mask_iou_1 4.7862  loss_mask_iou_2 4.7866  loss_overall 27.3328  loss_query_cgp_bind 0.4132  loss_query_cgp_route -0.0053  loss_saliency 3.9181  loss_span 0.9050  loss_span_0 0.8940  loss_span_1 0.8823  loss_span_2 0.8931
2026-08-28 19:24:38,500 INFO Generate submissions
